error: lifetime may not live long enough
 --> tests/ui/column_leak.rs:5:60
  |
5 |     let results: Vec<Column<'_>> = stmt.query(())?.map(|r| Ok(r.col(0))).collect()?;
  |                                                         -- ^^^^^^^^^^^^ returning this value requires that `'1` must outlive `'2`
  |                                                         ||
  |                                                         |return type of closure is std::result::Result<sqlite3_ext::query::Column<'2>, sqlite3_ext::Error>
  |                                                         has type `&'1 mut QueryResult`
